---
source: src/grammar.rs
expression: "parse(\"let a = 1;\")"
---
(
    Root@0..10
      LetStmt@0..10
        LetKw@0..3 "let"
        Whitespace@3..4 " "
        Ident@4..5 "a"
        Whitespace@5..6 " "
        Equals@6..7 "="
        Whitespace@7..8 " "
        Literal@8..9
          Number@8..9 "1"
        Semicolon@9..10 ";"
    ,
    [],
)
